Archive member included to satisfy reference by file (symbol)

d:/st/stm32cubeide_1.12.1/stm32cubeide/plugins/com.st.stm32cube.ide.mcu.externaltools.gnu-tools-for-stm32.10.3-2021.10.win32_1.0.200.202301161003/tools/bin/../lib/gcc/arm-none-eabi/10.3.1/../../../../arm-none-eabi/lib/thumb/v7-m/nofp\libc_nano.a(lib_a-errno.o)
                              ./Core/Src/syscalls.o (__errno)
d:/st/stm32cubeide_1.12.1/stm32cubeide/plugins/com.st.stm32cube.ide.mcu.externaltools.gnu-tools-for-stm32.10.3-2021.10.win32_1.0.200.202301161003/tools/bin/../lib/gcc/arm-none-eabi/10.3.1/../../../../arm-none-eabi/lib/thumb/v7-m/nofp\libc_nano.a(lib_a-exit.o)
                              d:/st/stm32cubeide_1.12.1/stm32cubeide/plugins/com.st.stm32cube.ide.mcu.externaltools.gnu-tools-for-stm32.10.3-2021.10.win32_1.0.200.202301161003/tools/bin/../lib/gcc/arm-none-eabi/10.3.1/../../../../arm-none-eabi/lib/thumb/v7-m/nofp/crt0.o (exit)
d:/st/stm32cubeide_1.12.1/stm32cubeide/plugins/com.st.stm32cube.ide.mcu.externaltools.gnu-tools-for-stm32.10.3-2021.10.win32_1.0.200.202301161003/tools/bin/../lib/gcc/arm-none-eabi/10.3.1/../../../../arm-none-eabi/lib/thumb/v7-m/nofp\libc_nano.a(lib_a-impure.o)
                              d:/st/stm32cubeide_1.12.1/stm32cubeide/plugins/com.st.stm32cube.ide.mcu.externaltools.gnu-tools-for-stm32.10.3-2021.10.win32_1.0.200.202301161003/tools/bin/../lib/gcc/arm-none-eabi/10.3.1/../../../../arm-none-eabi/lib/thumb/v7-m/nofp\libc_nano.a(lib_a-exit.o) (_global_impure_ptr)
d:/st/stm32cubeide_1.12.1/stm32cubeide/plugins/com.st.stm32cube.ide.mcu.externaltools.gnu-tools-for-stm32.10.3-2021.10.win32_1.0.200.202301161003/tools/bin/../lib/gcc/arm-none-eabi/10.3.1/../../../../arm-none-eabi/lib/thumb/v7-m/nofp\libc_nano.a(lib_a-init.o)
                              d:/st/stm32cubeide_1.12.1/stm32cubeide/plugins/com.st.stm32cube.ide.mcu.externaltools.gnu-tools-for-stm32.10.3-2021.10.win32_1.0.200.202301161003/tools/bin/../lib/gcc/arm-none-eabi/10.3.1/../../../../arm-none-eabi/lib/thumb/v7-m/nofp/crt0.o (__libc_init_array)
d:/st/stm32cubeide_1.12.1/stm32cubeide/plugins/com.st.stm32cube.ide.mcu.externaltools.gnu-tools-for-stm32.10.3-2021.10.win32_1.0.200.202301161003/tools/bin/../lib/gcc/arm-none-eabi/10.3.1/../../../../arm-none-eabi/lib/thumb/v7-m/nofp\libc_nano.a(lib_a-memset.o)
                              d:/st/stm32cubeide_1.12.1/stm32cubeide/plugins/com.st.stm32cube.ide.mcu.externaltools.gnu-tools-for-stm32.10.3-2021.10.win32_1.0.200.202301161003/tools/bin/../lib/gcc/arm-none-eabi/10.3.1/../../../../arm-none-eabi/lib/thumb/v7-m/nofp/crt0.o (memset)

Discarded input sections

 .text          0x0000000000000000        0x0 d:/st/stm32cubeide_1.12.1/stm32cubeide/plugins/com.st.stm32cube.ide.mcu.externaltools.gnu-tools-for-stm32.10.3-2021.10.win32_1.0.200.202301161003/tools/bin/../lib/gcc/arm-none-eabi/10.3.1/thumb/v7-m/nofp/crti.o
 .data          0x0000000000000000        0x0 d:/st/stm32cubeide_1.12.1/stm32cubeide/plugins/com.st.stm32cube.ide.mcu.externaltools.gnu-tools-for-stm32.10.3-2021.10.win32_1.0.200.202301161003/tools/bin/../lib/gcc/arm-none-eabi/10.3.1/thumb/v7-m/nofp/crti.o
 .bss           0x0000000000000000        0x0 d:/st/stm32cubeide_1.12.1/stm32cubeide/plugins/com.st.stm32cube.ide.mcu.externaltools.gnu-tools-for-stm32.10.3-2021.10.win32_1.0.200.202301161003/tools/bin/../lib/gcc/arm-none-eabi/10.3.1/thumb/v7-m/nofp/crti.o
 .data          0x0000000000000000        0x4 d:/st/stm32cubeide_1.12.1/stm32cubeide/plugins/com.st.stm32cube.ide.mcu.externaltools.gnu-tools-for-stm32.10.3-2021.10.win32_1.0.200.202301161003/tools/bin/../lib/gcc/arm-none-eabi/10.3.1/thumb/v7-m/nofp/crtbegin.o
 .rodata        0x0000000000000000       0x24 d:/st/stm32cubeide_1.12.1/stm32cubeide/plugins/com.st.stm32cube.ide.mcu.externaltools.gnu-tools-for-stm32.10.3-2021.10.win32_1.0.200.202301161003/tools/bin/../lib/gcc/arm-none-eabi/10.3.1/thumb/v7-m/nofp/crtbegin.o
 .text          0x0000000000000000       0x7c d:/st/stm32cubeide_1.12.1/stm32cubeide/plugins/com.st.stm32cube.ide.mcu.externaltools.gnu-tools-for-stm32.10.3-2021.10.win32_1.0.200.202301161003/tools/bin/../lib/gcc/arm-none-eabi/10.3.1/../../../../arm-none-eabi/lib/thumb/v7-m/nofp/crt0.o
 .data          0x0000000000000000        0x0 d:/st/stm32cubeide_1.12.1/stm32cubeide/plugins/com.st.stm32cube.ide.mcu.externaltools.gnu-tools-for-stm32.10.3-2021.10.win32_1.0.200.202301161003/tools/bin/../lib/gcc/arm-none-eabi/10.3.1/../../../../arm-none-eabi/lib/thumb/v7-m/nofp/crt0.o
 .bss           0x0000000000000000        0x0 d:/st/stm32cubeide_1.12.1/stm32cubeide/plugins/com.st.stm32cube.ide.mcu.externaltools.gnu-tools-for-stm32.10.3-2021.10.win32_1.0.200.202301161003/tools/bin/../lib/gcc/arm-none-eabi/10.3.1/../../../../arm-none-eabi/lib/thumb/v7-m/nofp/crt0.o
[...]
Memory Configuration

Name             Origin             Length             Attributes
RAM              0x0000000020000000 0x0000000000005000 xrw
FLASH            0x0000000008000000 0x0000000000010000 xr
*default*        0x0000000000000000 0xffffffffffffffff

Linker script and memory map

LOAD d:/st/stm32cubeide_1.12.1/stm32cubeide/plugins/com.st.stm32cube.ide.mcu.externaltools.gnu-tools-for-stm32.10.3-2021.10.win32_1.0.200.202301161003/tools/bin/../lib/gcc/arm-none-eabi/10.3.1/thumb/v7-m/nofp/crti.o
LOAD d:/st/stm32cubeide_1.12.1/stm32cubeide/plugins/com.st.stm32cube.ide.mcu.externaltools.gnu-tools-for-stm32.10.3-2021.10.win32_1.0.200.202301161003/tools/bin/../lib/gcc/arm-none-eabi/10.3.1/thumb/v7-m/nofp/crtbegin.o
LOAD d:/st/stm32cubeide_1.12.1/stm32cubeide/plugins/com.st.stm32cube.ide.mcu.externaltools.gnu-tools-for-stm32.10.3-2021.10.win32_1.0.200.202301161003/tools/bin/../lib/gcc/arm-none-eabi/10.3.1/../../../../arm-none-eabi/lib/thumb/v7-m/nofp/crt0.o
LOAD ./Core/Src/DFPLAYER_MINI.o
LOAD ./Core/Src/main.o
LOAD ./Core/Src/stm32f1xx_hal_msp.o
LOAD ./Core/Src/stm32f1xx_it.o
LOAD ./Core/Src/syscalls.o
LOAD ./Core/Src/sysmem.o
LOAD ./Core/Src/system_stm32f1xx.o
LOAD ./Core/Startup/startup_stm32f103c8tx.o
LOAD ./Drivers/STM32F1xx_HAL_Driver/Src/stm32f1xx_hal.o
LOAD ./Drivers/STM32F1xx_HAL_Driver/Src/stm32f1xx_hal_cortex.o
LOAD ./Drivers/STM32F1xx_HAL_Driver/Src/stm32f1xx_hal_dma.o
LOAD ./Drivers/STM32F1xx_HAL_Driver/Src/stm32f1xx_hal_exti.o
LOAD ./Drivers/STM32F1xx_HAL_Driver/Src/stm32f1xx_hal_flash.o
LOAD ./Drivers/STM32F1xx_HAL_Driver/Src/stm32f1xx_hal_flash_ex.o
LOAD ./Drivers/STM32F1xx_HAL_Driver/Src/stm32f1xx_hal_gpio.o
LOAD ./Drivers/STM32F1xx_HAL_Driver/Src/stm32f1xx_hal_gpio_ex.o
LOAD ./Drivers/STM32F1xx_HAL_Driver/Src/stm32f1xx_hal_pwr.o
LOAD ./Drivers/STM32F1xx_HAL_Driver/Src/stm32f1xx_hal_rcc.o
LOAD ./Drivers/STM32F1xx_HAL_Driver/Src/stm32f1xx_hal_rcc_ex.o
LOAD ./Drivers/STM32F1xx_HAL_Driver/Src/stm32f1xx_hal_tim.o
LOAD ./Drivers/STM32F1xx_HAL_Driver/Src/stm32f1xx_hal_tim_ex.o
LOAD ./Drivers/STM32F1xx_HAL_Driver/Src/stm32f1xx_hal_uart.o
START GROUP
LOAD d:/st/stm32cubeide_1.12.1/stm32cubeide/plugins/com.st.stm32cube.ide.mcu.externaltools.gnu-tools-for-stm32.10.3-2021.10.win32_1.0.200.202301161003/tools/bin/../lib/gcc/arm-none-eabi/10.3.1/../../../../arm-none-eabi/lib/thumb/v7-m/nofp\libc_nano.a
LOAD d:/st/stm32cubeide_1.12.1/stm32cubeide/plugins/com.st.stm32cube.ide.mcu.externaltools.gnu-tools-for-stm32.10.3-2021.10.win32_1.0.200.202301161003/tools/bin/../lib/gcc/arm-none-eabi/10.3.1/../../../../arm-none-eabi/lib/thumb/v7-m/nofp\libm.a
END GROUP
START GROUP
LOAD d:/st/stm32cubeide_1.12.1/stm32cubeide/plugins/com.st.stm32cube.ide.mcu.externaltools.gnu-tools-for-stm32.10.3-2021.10.win32_1.0.200.202301161003/tools/bin/../lib/gcc/arm-none-eabi/10.3.1/thumb/v7-m/nofp\libgcc.a
LOAD d:/st/stm32cubeide_1.12.1/stm32cubeide/plugins/com.st.stm32cube.ide.mcu.externaltools.gnu-tools-for-stm32.10.3-2021.10.win32_1.0.200.202301161003/tools/bin/../lib/gcc/arm-none-eabi/10.3.1/../../../../arm-none-eabi/lib/thumb/v7-m/nofp\libc_nano.a
END GROUP
START GROUP
LOAD d:/st/stm32cubeide_1.12.1/stm32cubeide/plugins/com.st.stm32cube.ide.mcu.externaltools.gnu-tools-for-stm32.10.3-2021.10.win32_1.0.200.202301161003/tools/bin/../lib/gcc/arm-none-eabi/10.3.1/thumb/v7-m/nofp\libgcc.a
LOAD d:/st/stm32cubeide_1.12.1/stm32cubeide/plugins/com.st.stm32cube.ide.mcu.externaltools.gnu-tools-for-stm32.10.3-2021.10.win32_1.0.200.202301161003/tools/bin/../lib/gcc/arm-none-eabi/10.3.1/../../../../arm-none-eabi/lib/thumb/v7-m/nofp\libc_nano.a
LOAD d:/st/stm32cubeide_1.12.1/stm32cubeide/plugins/com.st.stm32cube.ide.mcu.externaltools.gnu-tools-for-stm32.10.3-2021.10.win32_1.0.200.202301161003/tools/bin/../lib/gcc/arm-none-eabi/10.3.1/../../../../arm-none-eabi/lib/thumb/v7-m/nofp\libnosys.a
END GROUP
START GROUP
LOAD d:/st/stm32cubeide_1.12.1/stm32cubeide/plugins/com.st.stm32cube.ide.mcu.externaltools.gnu-tools-for-stm32.10.3-2021.10.win32_1.0.200.202301161003/tools/bin/../lib/gcc/arm-none-eabi/10.3.1/thumb/v7-m/nofp\libgcc.a
LOAD d:/st/stm32cubeide_1.12.1/stm32cubeide/plugins/com.st.stm32cube.ide.mcu.externaltools.gnu-tools-for-stm32.10.3-2021.10.win32_1.0.200.202301161003/tools/bin/../lib/gcc/arm-none-eabi/10.3.1/../../../../arm-none-eabi/lib/thumb/v7-m/nofp\libc_nano.a
LOAD d:/st/stm32cubeide_1.12.1/stm32cubeide/plugins/com.st.stm32cube.ide.mcu.externaltools.gnu-tools-for-stm32.10.3-2021.10.win32_1.0.200.202301161003/tools/bin/../lib/gcc/arm-none-eabi/10.3.1/../../../../arm-none-eabi/lib/thumb/v7-m/nofp\libnosys.a
END GROUP
LOAD d:/st/stm32cubeide_1.12.1/stm32cubeide/plugins/com.st.stm32cube.ide.mcu.externaltools.gnu-tools-for-stm32.10.3-2021.10.win32_1.0.200.202301161003/tools/bin/../lib/gcc/arm-none-eabi/10.3.1/thumb/v7-m/nofp/crtend.o
LOAD d:/st/stm32cubeide_1.12.1/stm32cubeide/plugins/com.st.stm32cube.ide.mcu.externaltools.gnu-tools-for-stm32.10.3-2021.10.win32_1.0.200.202301161003/tools/bin/../lib/gcc/arm-none-eabi/10.3.1/thumb/v7-m/nofp/crtn.o
                0x0000000020005000                _estack = (ORIGIN (RAM) + LENGTH (RAM))
                0x0000000000000200                _Min_Heap_Size = 0x200
                0x0000000000000400                _Min_Stack_Size = 0x400

.isr_vector     0x0000000008000000      0x10c
                0x0000000008000000                . = ALIGN (0x4)
 *(.isr_vector)
 .isr_vector    0x0000000008000000      0x10c ./Core/Startup/startup_stm32f103c8tx.o
                0x0000000008000000                g_pfnVectors
                0x000000000800010c                . = ALIGN (0x4)

.text           0x000000000800010c     0x17d0
                0x000000000800010c                . = ALIGN (0x4)
 *(.text)
 .text          0x000000000800010c       0x40 d:/st/stm32cubeide_1.12.1/stm32cubeide/plugins/com.st.stm32cube.ide.mcu.externaltools.gnu-tools-for-stm32.10.3-2021.10.win32_1.0.200.202301161003/tools/bin/../lib/gcc/arm-none-eabi/10.3.1/thumb/v7-m/nofp/crtbegin.o
 *(.text*)
 .text.Send_cmd
                0x000000000800014c       0x80 ./Core/Src/DFPLAYER_MINI.o
                0x000000000800014c                Send_cmd
 .text.DF_PlayFromStart
                0x00000000080001cc       0x18 ./Core/Src/DFPLAYER_MINI.o
                0x00000000080001cc                DF_PlayFromStart
 .text.DF_Init  0x00000000080001e4       0x36 ./Core/Src/DFPLAYER_MINI.o
                0x00000000080001e4                DF_Init
 .text.DF_Next  0x000000000800021a       0x18 ./Core/Src/DFPLAYER_MINI.o
                0x000000000800021a                DF_Next
 .text.DF_Pause
                0x0000000008000232       0x18 ./Core/Src/DFPLAYER_MINI.o
                0x0000000008000232                DF_Pause
 .text.DF_Previous
                0x000000000800024a       0x18 ./Core/Src/DFPLAYER_MINI.o
                0x000000000800024a                DF_Previous
 .text.DF_Playback
                0x0000000008000262       0x18 ./Core/Src/DFPLAYER_MINI.o
                0x0000000008000262                DF_Playback
 *fill*         0x000000000800027a        0x2 
 .text.Check_Key
                0x000000000800027c       0xa8 ./Core/Src/DFPLAYER_MINI.o
                0x000000000800027c                Check_Key
 .text.main     0x0000000008000324       0x24 ./Core/Src/main.o
                0x0000000008000324                main
 .text.SystemClock_Config
                0x0000000008000348       0x78 ./Core/Src/main.o
                0x0000000008000348                SystemClock_Config
 .text.MX_USART1_UART_Init
                0x00000000080003c0       0x54 ./Core/Src/main.o
 .text.MX_GPIO_Init
                0x0000000008000414       0x6c ./Core/Src/main.o
 .text.Error_Handler
                0x0000000008000480        0xa ./Core/Src/main.o
                0x0000000008000480                Error_Handler
 *fill*         0x000000000800048a        0x2 
 .text.HAL_MspInit
                0x000000000800048c       0x74 ./Core/Src/stm32f1xx_hal_msp.o
                0x000000000800048c                HAL_MspInit
 .text.HAL_UART_MspInit
                0x0000000008000500       0x98 ./Core/Src/stm32f1xx_hal_msp.o
                0x0000000008000500                HAL_UART_MspInit
 .text.NMI_Handler
                0x0000000008000598        0x6 ./Core/Src/stm32f1xx_it.o
                0x0000000008000598                NMI_Handler
 .text.HardFault_Handler
                0x000000000800059e        0x6 ./Core/Src/stm32f1xx_it.o
                0x000000000800059e                HardFault_Handler
 .text.MemManage_Handler
                0x00000000080005a4        0x6 ./Core/Src/stm32f1xx_it.o
                0x00000000080005a4                MemManage_Handler
 .text.BusFault_Handler
                0x00000000080005aa        0x6 ./Core/Src/stm32f1xx_it.o
                0x00000000080005aa                BusFault_Handler
 .text.UsageFault_Handler
                0x00000000080005b0        0x6 ./Core/Src/stm32f1xx_it.o
                0x00000000080005b0                UsageFault_Handler
 .text.SVC_Handler
                0x00000000080005b6        0xc ./Core/Src/stm32f1xx_it.o
                0x00000000080005b6                SVC_Handler
 .text.DebugMon_Handler
                0x00000000080005c2        0xc ./Core/Src/stm32f1xx_it.o
                0x00000000080005c2                DebugMon_Handler
 .text.PendSV_Handler
                0x00000000080005ce        0xc ./Core/Src/stm32f1xx_it.o
                0x00000000080005ce                PendSV_Handler
 .text.SysTick_Handler
                0x00000000080005da        0xc ./Core/Src/stm32f1xx_it.o
                0x00000000080005da                SysTick_Handler
 .text.RCC_IRQHandler
                0x00000000080005e6        0xc ./Core/Src/stm32f1xx_it.o
                0x00000000080005e6                RCC_IRQHandler
 .text.SystemInit
                0x00000000080005f2        0xc ./Core/Src/system_stm32f1xx.o
                0x00000000080005f2                SystemInit
 *fill*         0x00000000080005fe        0x2 
 .text.Reset_Handler
                0x0000000008000600       0x48 ./Core/Startup/startup_stm32f103c8tx.o
                0x0000000008000600                Reset_Handler
 .text.Default_Handler
                0x0000000008000648        0x2 ./Core/Startup/startup_stm32f103c8tx.o
                0x0000000008000648                RTC_Alarm_IRQHandler
                0x0000000008000648                EXTI2_IRQHandler
                0x0000000008000648                TIM1_CC_IRQHandler
                0x0000000008000648                PVD_IRQHandler
                0x0000000008000648                EXTI3_IRQHandler
                0x0000000008000648                EXTI0_IRQHandler
                0x0000000008000648                I2C2_EV_IRQHandler
                0x0000000008000648                ADC1_2_IRQHandler
                0x0000000008000648                SPI1_IRQHandler
                0x0000000008000648                TAMPER_IRQHandler
                0x0000000008000648                DMA1_Channel4_IRQHandler
                0x0000000008000648                USART3_IRQHandler
                0x0000000008000648                RTC_IRQHandler
                0x0000000008000648                DMA1_Channel7_IRQHandler
                0x0000000008000648                CAN1_RX1_IRQHandler
                0x0000000008000648                TIM4_IRQHandler
                0x0000000008000648                I2C1_EV_IRQHandler
                0x0000000008000648                DMA1_Channel6_IRQHandler
                0x0000000008000648                TIM3_IRQHandler
                0x0000000008000648                TIM1_TRG_COM_IRQHandler
                0x0000000008000648                DMA1_Channel1_IRQHandler
                0x0000000008000648                Default_Handler
                0x0000000008000648                EXTI15_10_IRQHandler
                0x0000000008000648                EXTI9_5_IRQHandler
                0x0000000008000648                SPI2_IRQHandler
                0x0000000008000648                DMA1_Channel5_IRQHandler
                0x0000000008000648                EXTI4_IRQHandler
                0x0000000008000648                USB_LP_CAN1_RX0_IRQHandler
                0x0000000008000648                USB_HP_CAN1_TX_IRQHandler
                0x0000000008000648                DMA1_Channel3_IRQHandler
                0x0000000008000648                TIM1_UP_IRQHandler
                0x0000000008000648                WWDG_IRQHandler
                0x0000000008000648                TIM2_IRQHandler
                0x0000000008000648                TIM1_BRK_IRQHandler
                0x0000000008000648                EXTI1_IRQHandler
                0x0000000008000648                USART2_IRQHandler
                0x0000000008000648                I2C2_ER_IRQHandler
                0x0000000008000648                DMA1_Channel2_IRQHandler
                0x0000000008000648                CAN1_SCE_IRQHandler
                0x0000000008000648                FLASH_IRQHandler
                0x0000000008000648                USART1_IRQHandler
                0x0000000008000648                I2C1_ER_IRQHandler
                0x0000000008000648                USBWakeUp_IRQHandler
 *fill*         0x000000000800064a        0x2 
 .text.HAL_Init
                0x000000000800064c       0x2c ./Drivers/STM32F1xx_HAL_Driver/Src/stm32f1xx_hal.o
                0x000000000800064c                HAL_Init
 .text.HAL_InitTick
                0x0000000008000678       0x60 ./Drivers/STM32F1xx_HAL_Driver/Src/stm32f1xx_hal.o
                0x0000000008000678                HAL_InitTick
 .text.HAL_IncTick
                0x00000000080006d8       0x24 ./Drivers/STM32F1xx_HAL_Driver/Src/stm32f1xx_hal.o
                0x00000000080006d8                HAL_IncTick
 .text.HAL_GetTick
                0x00000000080006fc       0x14 ./Drivers/STM32F1xx_HAL_Driver/Src/stm32f1xx_hal.o
                0x00000000080006fc                HAL_GetTick
 .text.HAL_Delay
                0x0000000008000710       0x48 ./Drivers/STM32F1xx_HAL_Driver/Src/stm32f1xx_hal.o
                0x0000000008000710                HAL_Delay
 .text.__NVIC_SetPriorityGrouping
                0x0000000008000758       0x48 ./Drivers/STM32F1xx_HAL_Driver/Src/stm32f1xx_hal_cortex.o
 .text.__NVIC_GetPriorityGrouping
                0x00000000080007a0       0x1c ./Drivers/STM32F1xx_HAL_Driver/Src/stm32f1xx_hal_cortex.o
 .text.__NVIC_EnableIRQ
                0x00000000080007bc       0x38 ./Drivers/STM32F1xx_HAL_Driver/Src/stm32f1xx_hal_cortex.o
 .text.__NVIC_SetPriority
                0x00000000080007f4       0x54 ./Drivers/STM32F1xx_HAL_Driver/Src/stm32f1xx_hal_cortex.o
 .text.NVIC_EncodePriority
                0x0000000008000848       0x64 ./Drivers/STM32F1xx_HAL_Driver/Src/stm32f1xx_hal_cortex.o
 .text.SysTick_Config
                0x00000000080008ac       0x44 ./Drivers/STM32F1xx_HAL_Driver/Src/stm32f1xx_hal_cortex.o
 .text.HAL_NVIC_SetPriorityGrouping
                0x00000000080008f0       0x16 ./Drivers/STM32F1xx_HAL_Driver/Src/stm32f1xx_hal_cortex.o
                0x00000000080008f0                HAL_NVIC_SetPriorityGrouping
 .text.HAL_NVIC_SetPriority
                0x0000000008000906       0x38 ./Drivers/STM32F1xx_HAL_Driver/Src/stm32f1xx_hal_cortex.o
                0x0000000008000906                HAL_NVIC_SetPriority
 .text.HAL_NVIC_EnableIRQ
                0x000000000800093e       0x1c ./Drivers/STM32F1xx_HAL_Driver/Src/stm32f1xx_hal_cortex.o
                0x000000000800093e                HAL_NVIC_EnableIRQ
 .text.HAL_SYSTICK_Config
                0x000000000800095a       0x18 ./Drivers/STM32F1xx_HAL_Driver/Src/stm32f1xx_hal_cortex.o
                0x000000000800095a                HAL_SYSTICK_Config
 *fill*         0x0000000008000972        0x2 
 .text.HAL_GPIO_Init
                0x0000000008000974      0x308 ./Drivers/STM32F1xx_HAL_Driver/Src/stm32f1xx_hal_gpio.o
                0x0000000008000974                HAL_GPIO_Init
 .text.HAL_GPIO_ReadPin
                0x0000000008000c7c       0x2e ./Drivers/STM32F1xx_HAL_Driver/Src/stm32f1xx_hal_gpio.o
                0x0000000008000c7c                HAL_GPIO_ReadPin
 *fill*         0x0000000008000caa        0x2 
 .text.HAL_RCC_OscConfig
                0x0000000008000cac      0x504 ./Drivers/STM32F1xx_HAL_Driver/Src/stm32f1xx_hal_rcc.o
                0x0000000008000cac                HAL_RCC_OscConfig
 .text.HAL_RCC_ClockConfig
                0x00000000080011b0      0x1d4 ./Drivers/STM32F1xx_HAL_Driver/Src/stm32f1xx_hal_rcc.o
                0x00000000080011b0                HAL_RCC_ClockConfig
 .text.HAL_RCC_GetSysClockFreq
                0x0000000008001384       0xa8 ./Drivers/STM32F1xx_HAL_Driver/Src/stm32f1xx_hal_rcc.o
                0x0000000008001384                HAL_RCC_GetSysClockFreq
 .text.HAL_RCC_GetHCLKFreq
                0x000000000800142c       0x14 ./Drivers/STM32F1xx_HAL_Driver/Src/stm32f1xx_hal_rcc.o
                0x000000000800142c                HAL_RCC_GetHCLKFreq
 .text.HAL_RCC_GetPCLK1Freq
                0x0000000008001440       0x28 ./Drivers/STM32F1xx_HAL_Driver/Src/stm32f1xx_hal_rcc.o
                0x0000000008001440                HAL_RCC_GetPCLK1Freq
 .text.HAL_RCC_GetPCLK2Freq
                0x0000000008001468       0x28 ./Drivers/STM32F1xx_HAL_Driver/Src/stm32f1xx_hal_rcc.o
                0x0000000008001468                HAL_RCC_GetPCLK2Freq
 .text.RCC_Delay
                0x0000000008001490       0x3c ./Drivers/STM32F1xx_HAL_Driver/Src/stm32f1xx_hal_rcc.o
 .text.HAL_UART_Init
                0x00000000080014cc       0xa0 ./Drivers/STM32F1xx_HAL_Driver/Src/stm32f1xx_hal_uart.o
                0x00000000080014cc                HAL_UART_Init
 .text.HAL_UART_Transmit
                0x000000000800156c      0x106 ./Drivers/STM32F1xx_HAL_Driver/Src/stm32f1xx_hal_uart.o
                0x000000000800156c                HAL_UART_Transmit
 .text.UART_WaitOnFlagUntilTimeout
                0x0000000008001672       0xdc ./Drivers/STM32F1xx_HAL_Driver/Src/stm32f1xx_hal_uart.o
 *fill*         0x000000000800174e        0x2 
 .text.UART_SetConfig
                0x0000000008001750      0x11c ./Drivers/STM32F1xx_HAL_Driver/Src/stm32f1xx_hal_uart.o
 .text.__libc_init_array
                0x000000000800186c       0x48 d:/st/stm32cubeide_1.12.1/stm32cubeide/plugins/com.st.stm32cube.ide.mcu.externaltools.gnu-tools-for-stm32.10.3-2021.10.win32_1.0.200.202301161003/tools/bin/../lib/gcc/arm-none-eabi/10.3.1/../../../../arm-none-eabi/lib/thumb/v7-m/nofp\libc_nano.a(lib_a-init.o)
                0x000000000800186c                __libc_init_array
 .text.memset   0x00000000080018b4       0x10 d:/st/stm32cubeide_1.12.1/stm32cubeide/plugins/com.st.stm32cube.ide.mcu.externaltools.gnu-tools-for-stm32.10.3-2021.10.win32_1.0.200.202301161003/tools/bin/../lib/gcc/arm-none-eabi/10.3.1/../../../../arm-none-eabi/lib/thumb/v7-m/nofp\libc_nano.a(lib_a-memset.o)
                0x00000000080018b4                memset
 *(.glue_7)
 .glue_7        0x00000000080018c4        0x0 linker stubs
 *(.glue_7t)
 .glue_7t       0x00000000080018c4        0x0 linker stubs
 *(.eh_frame)
 .eh_frame      0x00000000080018c4        0x0 d:/st/stm32cubeide_1.12.1/stm32cubeide/plugins/com.st.stm32cube.ide.mcu.externaltools.gnu-tools-for-stm32.10.3-2021.10.win32_1.0.200.202301161003/tools/bin/../lib/gcc/arm-none-eabi/10.3.1/thumb/v7-m/nofp/crtbegin.o
 *(.init)
 .init          0x00000000080018c4        0x4 d:/st/stm32cubeide_1.12.1/stm32cubeide/plugins/com.st.stm32cube.ide.mcu.externaltools.gnu-tools-for-stm32.10.3-2021.10.win32_1.0.200.202301161003/tools/bin/../lib/gcc/arm-none-eabi/10.3.1/thumb/v7-m/nofp/crti.o
                0x00000000080018c4                _init
 .init          0x00000000080018c8        0x8 d:/st/stm32cubeide_1.12.1/stm32cubeide/plugins/com.st.stm32cube.ide.mcu.externaltools.gnu-tools-for-stm32.10.3-2021.10.win32_1.0.200.202301161003/tools/bin/../lib/gcc/arm-none-eabi/10.3.1/thumb/v7-m/nofp/crtn.o
 *(.fini)
 .fini          0x00000000080018d0        0x4 d:/st/stm32cubeide_1.12.1/stm32cubeide/plugins/com.st.stm32cube.ide.mcu.externaltools.gnu-tools-for-stm32.10.3-2021.10.win32_1.0.200.202301161003/tools/bin/../lib/gcc/arm-none-eabi/10.3.1/thumb/v7-m/nofp/crti.o
                0x00000000080018d0                _fini
 .fini          0x00000000080018d4        0x8 d:/st/stm32cubeide_1.12.1/stm32cubeide/plugins/com.st.stm32cube.ide.mcu.externaltools.gnu-tools-for-stm32.10.3-2021.10.win32_1.0.200.202301161003/tools/bin/../lib/gcc/arm-none-eabi/10.3.1/thumb/v7-m/nofp/crtn.o
                0x00000000080018dc                . = ALIGN (0x4)
                0x00000000080018dc                _etext = .

.vfp11_veneer   0x00000000080018dc        0x0
 .vfp11_veneer  0x00000000080018dc        0x0 linker stubs

.v4_bx          0x00000000080018dc        0x0
 .v4_bx         0x00000000080018dc        0x0 linker stubs

.iplt           0x00000000080018dc        0x0
 .iplt          0x00000000080018dc        0x0 d:/st/stm32cubeide_1.12.1/stm32cubeide/plugins/com.st.stm32cube.ide.mcu.externaltools.gnu-tools-for-stm32.10.3-2021.10.win32_1.0.200.202301161003/tools/bin/../lib/gcc/arm-none-eabi/10.3.1/thumb/v7-m/nofp/crtbegin.o

.rodata         0x00000000080018dc       0x2c
                0x00000000080018dc                . = ALIGN (0x4)
 *(.rodata)
 *(.rodata*)
 .rodata.AHBPrescTable
                0x00000000080018dc       0x10 ./Core/Src/system_stm32f1xx.o
                0x00000000080018dc                AHBPrescTable
 .rodata.APBPrescTable
                0x00000000080018ec        0x8 ./Core/Src/system_stm32f1xx.o
                0x00000000080018ec                APBPrescTable
 .rodata.aPLLMULFactorTable.1
                0x00000000080018f4       0x10 ./Drivers/STM32F1xx_HAL_Driver/Src/stm32f1xx_hal_rcc.o
 .rodata.aPredivFactorTable.0
                0x0000000008001904        0x2 ./Drivers/STM32F1xx_HAL_Driver/Src/stm32f1xx_hal_rcc.o
                0x0000000008001908                . = ALIGN (0x4)
 *fill*         0x0000000008001906        0x2 

.rel.dyn        0x0000000008001908        0x0
 .rel.iplt      0x0000000008001908        0x0 d:/st/stm32cubeide_1.12.1/stm32cubeide/plugins/com.st.stm32cube.ide.mcu.externaltools.gnu-tools-for-stm32.10.3-2021.10.win32_1.0.200.202301161003/tools/bin/../lib/gcc/arm-none-eabi/10.3.1/thumb/v7-m/nofp/crtbegin.o

.ARM.extab      0x0000000008001908        0x0
                0x0000000008001908                . = ALIGN (0x4)
 *(.ARM.extab* .gnu.linkonce.armextab.*)
                0x0000000008001908                . = ALIGN (0x4)

.ARM            0x0000000008001908        0x0
                0x0000000008001908                . = ALIGN (0x4)
                0x0000000008001908                __exidx_start = .
 *(.ARM.exidx*)
                0x0000000008001908                __exidx_end = .
                0x0000000008001908                . = ALIGN (0x4)

.preinit_array  0x0000000008001908        0x0
                0x0000000008001908                . = ALIGN (0x4)
                0x0000000008001908                PROVIDE (__preinit_array_start = .)
 *(.preinit_array*)
                0x0000000008001908                PROVIDE (__preinit_array_end = .)
                0x0000000008001908                . = ALIGN (0x4)

.init_array     0x0000000008001908        0x4
                0x0000000008001908                . = ALIGN (0x4)
                0x0000000008001908                PROVIDE (__init_array_start = .)
 *(SORT_BY_NAME(.init_array.*))
 *(.init_array*)
 .init_array    0x0000000008001908        0x4 d:/st/stm32cubeide_1.12.1/stm32cubeide/plugins/com.st.stm32cube.ide.mcu.externaltools.gnu-tools-for-stm32.10.3-2021.10.win32_1.0.200.202301161003/tools/bin/../lib/gcc/arm-none-eabi/10.3.1/thumb/v7-m/nofp/crtbegin.o
                0x000000000800190c                PROVIDE (__init_array_end = .)
                0x000000000800190c                . = ALIGN (0x4)

.fini_array     0x000000000800190c        0x4
                0x000000000800190c                . = ALIGN (0x4)
                [!provide]                        PROVIDE (__fini_array_start = .)
 *(SORT_BY_NAME(.fini_array.*))
 *(.fini_array*)
 .fini_array    0x000000000800190c        0x4 d:/st/stm32cubeide_1.12.1/stm32cubeide/plugins/com.st.stm32cube.ide.mcu.externaltools.gnu-tools-for-stm32.10.3-2021.10.win32_1.0.200.202301161003/tools/bin/../lib/gcc/arm-none-eabi/10.3.1/thumb/v7-m/nofp/crtbegin.o
                [!provide]                        PROVIDE (__fini_array_end = .)
                0x0000000008001910                . = ALIGN (0x4)
                0x0000000008001910                _sidata = LOADADDR (.data)

.data           0x0000000020000000       0x10 load address 0x0000000008001910
                0x0000000020000000                . = ALIGN (0x4)
                0x0000000020000000                _sdata = .
 *(.data)
 *(.data*)
 .data.isplaying
                0x0000000020000000        0x4 ./Core/Src/DFPLAYER_MINI.o
                0x0000000020000000                isplaying
 .data.SystemCoreClock
                0x0000000020000004        0x4 ./Core/Src/system_stm32f1xx.o
                0x0000000020000004                SystemCoreClock
 .data.uwTickPrio
                0x0000000020000008        0x4 ./Drivers/STM32F1xx_HAL_Driver/Src/stm32f1xx_hal.o
                0x0000000020000008                uwTickPrio
 .data.uwTickFreq
                0x000000002000000c        0x1 ./Drivers/STM32F1xx_HAL_Driver/Src/stm32f1xx_hal.o
                0x000000002000000c                uwTickFreq
 *(.RamFunc)
 *(.RamFunc*)
                0x0000000020000010                . = ALIGN (0x4)
 *fill*         0x000000002000000d        0x3 
                0x0000000020000010                _edata = .

.igot.plt       0x0000000020000010        0x0 load address 0x0000000008001920
 .igot.plt      0x0000000020000010        0x0 d:/st/stm32cubeide_1.12.1/stm32cubeide/plugins/com.st.stm32cube.ide.mcu.externaltools.gnu-tools-for-stm32.10.3-2021.10.win32_1.0.200.202301161003/tools/bin/../lib/gcc/arm-none-eabi/10.3.1/thumb/v7-m/nofp/crtbegin.o
                0x0000000020000010                . = ALIGN (0x4)

.bss            0x0000000020000010       0x6c load address 0x0000000008001920
                0x0000000020000010                _sbss = .
                0x0000000020000010                __bss_start__ = _sbss
 *(.bss)
 .bss           0x0000000020000010       0x1c d:/st/stm32cubeide_1.12.1/stm32cubeide/plugins/com.st.stm32cube.ide.mcu.externaltools.gnu-tools-for-stm32.10.3-2021.10.win32_1.0.200.202301161003/tools/bin/../lib/gcc/arm-none-eabi/10.3.1/thumb/v7-m/nofp/crtbegin.o
 *(.bss*)
 .bss.ispause   0x000000002000002c        0x4 ./Core/Src/DFPLAYER_MINI.o
                0x000000002000002c                ispause
 .bss.huart1    0x0000000020000030       0x48 ./Core/Src/main.o
                0x0000000020000030                huart1
 .bss.uwTick    0x0000000020000078        0x4 ./Drivers/STM32F1xx_HAL_Driver/Src/stm32f1xx_hal.o
                0x0000000020000078                uwTick
 *(COMMON)
                0x000000002000007c                . = ALIGN (0x4)
                0x000000002000007c                _ebss = .
                0x000000002000007c                __bss_end__ = _ebss

._user_heap_stack
                0x000000002000007c      0x604 load address 0x0000000008001920
                0x0000000020000080                . = ALIGN (0x8)
 *fill*         0x000000002000007c        0x4 
                [!provide]                        PROVIDE (end = .)
                0x0000000020000080                PROVIDE (_end = .)
                0x0000000020000280                . = (. + _Min_Heap_Size)
 *fill*         0x0000000020000080      0x200 
                0x0000000020000680                . = (. + _Min_Stack_Size)
 *fill*         0x0000000020000280      0x400 
                0x0000000020000680                . = ALIGN (0x8)

/DISCARD/
 libc.a(*)
 libm.a(*)
 libgcc.a(*)

.ARM.attributes
                0x0000000000000000       0x29
 *(.ARM.attributes)
 .ARM.attributes
                0x0000000000000000       0x1d d:/st/stm32cubeide_1.12.1/stm32cubeide/plugins/com.st.stm32cube.ide.mcu.externaltools.gnu-tools-for-stm32.10.3-2021.10.win32_1.0.200.202301161003/tools/bin/../lib/gcc/arm-none-eabi/10.3.1/thumb/v7-m/nofp/crti.o
 .ARM.attributes
                0x000000000000001d       0x2d d:/st/stm32cubeide_1.12.1/stm32cubeide/plugins/com.st.stm32cube.ide.mcu.externaltools.gnu-tools-for-stm32.10.3-2021.10.win32_1.0.200.202301161003/tools/bin/../lib/gcc/arm-none-eabi/10.3.1/thumb/v7-m/nofp/crtbegin.o
 .ARM.attributes
                0x000000000000004a       0x2d ./Core/Src/DFPLAYER_MINI.o
 .ARM.attributes
                0x0000000000000077       0x2d ./Core/Src/main.o
 .ARM.attributes
                0x00000000000000a4       0x2d ./Core/Src/stm32f1xx_hal_msp.o
 .ARM.attributes
                0x00000000000000d1       0x2d ./Core/Src/stm32f1xx_it.o
 .ARM.attributes
                0x00000000000000fe       0x2d ./Core/Src/system_stm32f1xx.o
 .ARM.attributes
                0x000000000000012b       0x21 ./Core/Startup/startup_stm32f103c8tx.o
 .ARM.attributes
                0x000000000000014c       0x2d ./Drivers/STM32F1xx_HAL_Driver/Src/stm32f1xx_hal.o
 .ARM.attributes
                0x0000000000000179       0x2d ./Drivers/STM32F1xx_HAL_Driver/Src/stm32f1xx_hal_cortex.o
 .ARM.attributes
                0x00000000000001a6       0x2d ./Drivers/STM32F1xx_HAL_Driver/Src/stm32f1xx_hal_gpio.o
 .ARM.attributes
                0x00000000000001d3       0x2d ./Drivers/STM32F1xx_HAL_Driver/Src/stm32f1xx_hal_rcc.o
 .ARM.attributes
                0x0000000000000200       0x2d ./Drivers/STM32F1xx_HAL_Driver/Src/stm32f1xx_hal_uart.o
 .ARM.attributes
                0x000000000000022d       0x2d d:/st/stm32cubeide_1.12.1/stm32cubeide/plugins/com.st.stm32cube.ide.mcu.externaltools.gnu-tools-for-stm32.10.3-2021.10.win32_1.0.200.202301161003/tools/bin/../lib/gcc/arm-none-eabi/10.3.1/../../../../arm-none-eabi/lib/thumb/v7-m/nofp\libc_nano.a(lib_a-init.o)
 .ARM.attributes
                0x000000000000025a       0x2d d:/st/stm32cubeide_1.12.1/stm32cubeide/plugins/com.st.stm32cube.ide.mcu.externaltools.gnu-tools-for-stm32.10.3-2021.10.win32_1.0.200.202301161003/tools/bin/../lib/gcc/arm-none-eabi/10.3.1/../../../../arm-none-eabi/lib/thumb/v7-m/nofp\libc_nano.a(lib_a-memset.o)
 .ARM.attributes
                0x0000000000000287       0x1d d:/st/stm32cubeide_1.12.1/stm32cubeide/plugins/com.st.stm32cube.ide.mcu.externaltools.gnu-tools-for-stm32.10.3-2021.10.win32_1.0.200.202301161003/tools/bin/../lib/gcc/arm-none-eabi/10.3.1/thumb/v7-m/nofp/crtn.o
OUTPUT(DFPlay.elf elf32-littlearm)
LOAD linker stubs
LOAD d:/st/stm32cubeide_1.12.1/stm32cubeide/plugins/com.st.stm32cube.ide.mcu.externaltools.gnu-tools-for-stm32.10.3-2021.10.win32_1.0.200.202301161003/tools/bin/../lib/gcc/arm-none-eabi/10.3.1/../../../../arm-none-eabi/lib/thumb/v7-m/nofp\libc.a
LOAD d:/st/stm32cubeide_1.12.1/stm32cubeide/plugins/com.st.stm32cube.ide.mcu.externaltools.gnu-tools-for-stm32.10.3-2021.10.win32_1.0.200.202301161003/tools/bin/../lib/gcc/arm-none-eabi/10.3.1/../../../../arm-none-eabi/lib/thumb/v7-m/nofp\libm.a
LOAD d:/st/stm32cubeide_1.12.1/stm32cubeide/plugins/com.st.stm32cube.ide.mcu.externaltools.gnu-tools-for-stm32.10.3-2021.10.win32_1.0.200.202301161003/tools/bin/../lib/gcc/arm-none-eabi/10.3.1/thumb/v7-m/nofp\libgcc.a

.debug_info     0x0000000000000000     0x717e
 .debug_info    0x0000000000000000      0x7c5 ./Core/Src/DFPLAYER_MINI.o
 .debug_info    0x00000000000007c5      0x9b8 ./Core/Src/main.o
 .debug_info    0x000000000000117d      0x9ee ./Core/Src/stm32f1xx_hal_msp.o
 .debug_info    0x0000000000001b6b      0x134 ./Core/Src/stm32f1xx_it.o
 .debug_info    0x0000000000001c9f      0x23d ./Core/Src/system_stm32f1xx.o
 .debug_info    0x0000000000001edc       0x22 ./Core/Startup/startup_stm32f103c8tx.o
 .debug_info    0x0000000000001efe      0x734 ./Drivers/STM32F1xx_HAL_Driver/Src/stm32f1xx_hal.o
 .debug_info    0x0000000000002632      0xb20 ./Drivers/STM32F1xx_HAL_Driver/Src/stm32f1xx_hal_cortex.o
 .debug_info    0x0000000000003152      0x615 ./Drivers/STM32F1xx_HAL_Driver/Src/stm32f1xx_hal_gpio.o
 .debug_info    0x0000000000003767      0x865 ./Drivers/STM32F1xx_HAL_Driver/Src/stm32f1xx_hal_rcc.o
 .debug_info    0x0000000000003fcc     0x31b2 ./Drivers/STM32F1xx_HAL_Driver/Src/stm32f1xx_hal_uart.o

.debug_abbrev   0x0000000000000000     0x13b9
 .debug_abbrev  0x0000000000000000      0x1d9 ./Core/Src/DFPLAYER_MINI.o
 .debug_abbrev  0x00000000000001d9      0x23c ./Core/Src/main.o
 .debug_abbrev  0x0000000000000415      0x1b9 ./Core/Src/stm32f1xx_hal_msp.o
 .debug_abbrev  0x00000000000005ce       0x74 ./Core/Src/stm32f1xx_it.o
 .debug_abbrev  0x0000000000000642      0x13b ./Core/Src/system_stm32f1xx.o
 .debug_abbrev  0x000000000000077d       0x12 ./Core/Startup/startup_stm32f103c8tx.o
 .debug_abbrev  0x000000000000078f      0x1fb ./Drivers/STM32F1xx_HAL_Driver/Src/stm32f1xx_hal.o
 .debug_abbrev  0x000000000000098a      0x2ed ./Drivers/STM32F1xx_HAL_Driver/Src/stm32f1xx_hal_cortex.o
 .debug_abbrev  0x0000000000000c77      0x1bb ./Drivers/STM32F1xx_HAL_Driver/Src/stm32f1xx_hal_gpio.o
 .debug_abbrev  0x0000000000000e32      0x2a8 ./Drivers/STM32F1xx_HAL_Driver/Src/stm32f1xx_hal_rcc.o
 .debug_abbrev  0x00000000000010da      0x2df ./Drivers/STM32F1xx_HAL_Driver/Src/stm32f1xx_hal_uart.o

.debug_aranges  0x0000000000000000      0x650
 .debug_aranges
                0x0000000000000000       0x58 ./Core/Src/DFPLAYER_MINI.o
 .debug_aranges
                0x0000000000000058       0x40 ./Core/Src/main.o
 .debug_aranges
                0x0000000000000098       0x30 ./Core/Src/stm32f1xx_hal_msp.o
 .debug_aranges
                0x00000000000000c8       0x68 ./Core/Src/stm32f1xx_it.o
 .debug_aranges
                0x0000000000000130       0x28 ./Core/Src/system_stm32f1xx.o
 .debug_aranges
                0x0000000000000158       0x28 ./Core/Startup/startup_stm32f103c8tx.o
 .debug_aranges
                0x0000000000000180       0xe0 ./Drivers/STM32F1xx_HAL_Driver/Src/stm32f1xx_hal.o
 .debug_aranges
                0x0000000000000260      0x100 ./Drivers/STM32F1xx_HAL_Driver/Src/stm32f1xx_hal_cortex.o
 .debug_aranges
                0x0000000000000360       0x58 ./Drivers/STM32F1xx_HAL_Driver/Src/stm32f1xx_hal_gpio.o
 .debug_aranges
                0x00000000000003b8       0x90 ./Drivers/STM32F1xx_HAL_Driver/Src/stm32f1xx_hal_rcc.o
 .debug_aranges
                0x0000000000000448      0x208 ./Drivers/STM32F1xx_HAL_Driver/Src/stm32f1xx_hal_uart.o

.debug_ranges   0x0000000000000000      0x5d8
 .debug_ranges  0x0000000000000000       0x48 ./Core/Src/DFPLAYER_MINI.o
 .debug_ranges  0x0000000000000048       0x30 ./Core/Src/main.o
 .debug_ranges  0x0000000000000078       0x20 ./Core/Src/stm32f1xx_hal_msp.o
 .debug_ranges  0x0000000000000098       0x58 ./Core/Src/stm32f1xx_it.o
 .debug_ranges  0x00000000000000f0       0x18 ./Core/Src/system_stm32f1xx.o
 .debug_ranges  0x0000000000000108       0x20 ./Core/Startup/startup_stm32f103c8tx.o
 .debug_ranges  0x0000000000000128       0xd0 ./Drivers/STM32F1xx_HAL_Driver/Src/stm32f1xx_hal.o
 .debug_ranges  0x00000000000001f8       0xf0 ./Drivers/STM32F1xx_HAL_Driver/Src/stm32f1xx_hal_cortex.o
 .debug_ranges  0x00000000000002e8       0x48 ./Drivers/STM32F1xx_HAL_Driver/Src/stm32f1xx_hal_gpio.o
 .debug_ranges  0x0000000000000330       0x80 ./Drivers/STM32F1xx_HAL_Driver/Src/stm32f1xx_hal_rcc.o
 .debug_ranges  0x00000000000003b0      0x228 ./Drivers/STM32F1xx_HAL_Driver/Src/stm32f1xx_hal_uart.o

.debug_macro    0x0000000000000000    0x16c8b
 .debug_macro   0x0000000000000000      0x33b ./Core/Src/DFPLAYER_MINI.o
 .debug_macro   0x000000000000033b      0xa6c ./Core/Src/DFPLAYER_MINI.o
 .debug_macro   0x0000000000000da7      0x215 ./Core/Src/DFPLAYER_MINI.o
 .debug_macro   0x0000000000000fbc       0x2e ./Core/Src/DFPLAYER_MINI.o
 .debug_macro   0x0000000000000fea       0x22 ./Core/Src/DFPLAYER_MINI.o
 .debug_macro   0x000000000000100c       0x22 ./Core/Src/DFPLAYER_MINI.o
 .debug_macro   0x000000000000102e       0x8e ./Core/Src/DFPLAYER_MINI.o
 .debug_macro   0x00000000000010bc       0x51 ./Core/Src/DFPLAYER_MINI.o
 .debug_macro   0x000000000000110d      0x103 ./Core/Src/DFPLAYER_MINI.o
 .debug_macro   0x0000000000001210       0x6a ./Core/Src/DFPLAYER_MINI.o
 .debug_macro   0x000000000000127a      0x1df ./Core/Src/DFPLAYER_MINI.o
 .debug_macro   0x0000000000001459       0x1c ./Core/Src/DFPLAYER_MINI.o
 .debug_macro   0x0000000000001475       0x22 ./Core/Src/DFPLAYER_MINI.o
 .debug_macro   0x0000000000001497       0xbd ./Core/Src/DFPLAYER_MINI.o
 .debug_macro   0x0000000000001554      0xd23 ./Core/Src/DFPLAYER_MINI.o
 .debug_macro   0x0000000000002277     0xe09e ./Core/Src/DFPLAYER_MINI.o
 .debug_macro   0x0000000000010315       0x6d ./Core/Src/DFPLAYER_MINI.o
 .debug_macro   0x0000000000010382     0x348d ./Core/Src/DFPLAYER_MINI.o
 .debug_macro   0x000000000001380f      0x174 ./Core/Src/DFPLAYER_MINI.o
 .debug_macro   0x0000000000013983       0x5c ./Core/Src/DFPLAYER_MINI.o
 .debug_macro   0x00000000000139df      0x5bc ./Core/Src/DFPLAYER_MINI.o
 .debug_macro   0x0000000000013f9b      0x289 ./Core/Src/DFPLAYER_MINI.o
 .debug_macro   0x0000000000014224      0x1cb ./Core/Src/DFPLAYER_MINI.o
 .debug_macro   0x00000000000143ef      0x114 ./Core/Src/DFPLAYER_MINI.o
 .debug_macro   0x0000000000014503      0x1b2 ./Core/Src/DFPLAYER_MINI.o
 .debug_macro   0x00000000000146b5       0x27 ./Core/Src/DFPLAYER_MINI.o
 .debug_macro   0x00000000000146dc      0x136 ./Core/Src/DFPLAYER_MINI.o
 .debug_macro   0x0000000000014812      0x1bc ./Core/Src/DFPLAYER_MINI.o
 .debug_macro   0x00000000000149ce       0x34 ./Core/Src/DFPLAYER_MINI.o
 .debug_macro   0x0000000000014a02       0x3c ./Core/Src/DFPLAYER_MINI.o
 .debug_macro   0x0000000000014a3e       0x57 ./Core/Src/DFPLAYER_MINI.o
 .debug_macro   0x0000000000014a95       0x87 ./Core/Src/DFPLAYER_MINI.o
 .debug_macro   0x0000000000014b1c      0x240 ./Core/Src/DFPLAYER_MINI.o
 .debug_macro   0x0000000000014d5c      0x140 ./Core/Src/DFPLAYER_MINI.o
 .debug_macro   0x0000000000014e9c      0x28e ./Core/Src/DFPLAYER_MINI.o
 .debug_macro   0x000000000001512a       0x83 ./Core/Src/DFPLAYER_MINI.o
 .debug_macro   0x00000000000151ad       0x52 ./Core/Src/DFPLAYER_MINI.o
 .debug_macro   0x00000000000151ff       0x18 ./Core/Src/DFPLAYER_MINI.o
 .debug_macro   0x0000000000015217       0x3c ./Core/Src/DFPLAYER_MINI.o
 .debug_macro   0x0000000000015253       0x34 ./Core/Src/DFPLAYER_MINI.o
 .debug_macro   0x0000000000015287       0x16 ./Core/Src/DFPLAYER_MINI.o
 .debug_macro   0x000000000001529d       0x35 ./Core/Src/DFPLAYER_MINI.o
 .debug_macro   0x00000000000152d2      0x341 ./Core/Src/DFPLAYER_MINI.o
 .debug_macro   0x0000000000015613       0x10 ./Core/Src/DFPLAYER_MINI.o
 .debug_macro   0x0000000000015623       0x16 ./Core/Src/DFPLAYER_MINI.o
 .debug_macro   0x0000000000015639       0x43 ./Core/Src/DFPLAYER_MINI.o
 .debug_macro   0x000000000001567c       0x34 ./Core/Src/DFPLAYER_MINI.o
 .debug_macro   0x00000000000156b0       0x10 ./Core/Src/DFPLAYER_MINI.o
 .debug_macro   0x00000000000156c0       0x58 ./Core/Src/DFPLAYER_MINI.o
 .debug_macro   0x0000000000015718       0x71 ./Core/Src/DFPLAYER_MINI.o
 .debug_macro   0x0000000000015789       0x1c ./Core/Src/DFPLAYER_MINI.o
 .debug_macro   0x00000000000157a5      0x12a ./Core/Src/DFPLAYER_MINI.o
 .debug_macro   0x00000000000158cf       0x10 ./Core/Src/DFPLAYER_MINI.o
 .debug_macro   0x00000000000158df       0x1c ./Core/Src/DFPLAYER_MINI.o
 .debug_macro   0x00000000000158fb       0x52 ./Core/Src/DFPLAYER_MINI.o
 .debug_macro   0x000000000001594d       0x22 ./Core/Src/DFPLAYER_MINI.o
 .debug_macro   0x000000000001596f       0x10 ./Core/Src/DFPLAYER_MINI.o
 .debug_macro   0x000000000001597f       0x52 ./Core/Src/DFPLAYER_MINI.o
 .debug_macro   0x00000000000159d1       0xd5 ./Core/Src/DFPLAYER_MINI.o
 .debug_macro   0x0000000000015aa6       0x1c ./Core/Src/DFPLAYER_MINI.o
 .debug_macro   0x0000000000015ac2       0x3d ./Core/Src/DFPLAYER_MINI.o
 .debug_macro   0x0000000000015aff       0x16 ./Core/Src/DFPLAYER_MINI.o
 .debug_macro   0x0000000000015b15      0x145 ./Core/Src/DFPLAYER_MINI.o
 .debug_macro   0x0000000000015c5a      0x301 ./Core/Src/main.o
 .debug_macro   0x0000000000015f5b      0x198 ./Core/Src/stm32f1xx_hal_msp.o
 .debug_macro   0x00000000000160f3      0x1a2 ./Core/Src/stm32f1xx_it.o
 .debug_macro   0x0000000000016295      0x18e ./Core/Src/system_stm32f1xx.o
 .debug_macro   0x0000000000016423      0x1b2 ./Drivers/STM32F1xx_HAL_Driver/Src/stm32f1xx_hal.o
 .debug_macro   0x00000000000165d5      0x18e ./Drivers/STM32F1xx_HAL_Driver/Src/stm32f1xx_hal_cortex.o
 .debug_macro   0x0000000000016763      0x1f9 ./Drivers/STM32F1xx_HAL_Driver/Src/stm32f1xx_hal_gpio.o
 .debug_macro   0x000000000001695c      0x1a0 ./Drivers/STM32F1xx_HAL_Driver/Src/stm32f1xx_hal_rcc.o
 .debug_macro   0x0000000000016afc      0x18f ./Drivers/STM32F1xx_HAL_Driver/Src/stm32f1xx_hal_uart.o

.debug_line     0x0000000000000000     0x79c8
 .debug_line    0x0000000000000000      0x939 ./Core/Src/DFPLAYER_MINI.o
 .debug_line    0x0000000000000939      0x904 ./Core/Src/main.o
 .debug_line    0x000000000000123d      0x69e ./Core/Src/stm32f1xx_hal_msp.o
 .debug_line    0x00000000000018db      0x71e ./Core/Src/stm32f1xx_it.o
 .debug_line    0x0000000000001ff9      0x6c7 ./Core/Src/system_stm32f1xx.o
 .debug_line    0x00000000000026c0       0x86 ./Core/Startup/startup_stm32f103c8tx.o
 .debug_line    0x0000000000002746      0x8f4 ./Drivers/STM32F1xx_HAL_Driver/Src/stm32f1xx_hal.o
 .debug_line    0x000000000000303a      0xadc ./Drivers/STM32F1xx_HAL_Driver/Src/stm32f1xx_hal_cortex.o
 .debug_line    0x0000000000003b16      0x98d ./Drivers/STM32F1xx_HAL_Driver/Src/stm32f1xx_hal_gpio.o
 .debug_line    0x00000000000044a3      0xd00 ./Drivers/STM32F1xx_HAL_Driver/Src/stm32f1xx_hal_rcc.o
 .debug_line    0x00000000000051a3     0x2825 ./Drivers/STM32F1xx_HAL_Driver/Src/stm32f1xx_hal_uart.o

.debug_str      0x0000000000000000    0x81f89
 .debug_str     0x0000000000000000    0x806eb ./Core/Src/DFPLAYER_MINI.o
                                      0x80a88 (size before relaxing)
 .debug_str     0x00000000000806eb      0x255 ./Core/Src/main.o
                                      0x80b1c (size before relaxing)
 .debug_str     0x0000000000080940      0x32a ./Core/Src/stm32f1xx_hal_msp.o
                                      0x7cf45 (size before relaxing)
 .debug_str     0x0000000000080c6a       0xd8 ./Core/Src/stm32f1xx_it.o
                                      0x7c7dd (size before relaxing)
 .debug_str     0x0000000000080d42       0x7e ./Core/Src/system_stm32f1xx.o
                                      0x7c7e4 (size before relaxing)
 .debug_str     0x0000000000080dc0       0x36 ./Core/Startup/startup_stm32f103c8tx.o
                                         0x64 (size before relaxing)
 .debug_str     0x0000000000080df6      0x384 ./Drivers/STM32F1xx_HAL_Driver/Src/stm32f1xx_hal.o
                                      0x7cf17 (size before relaxing)
 .debug_str     0x000000000008117a      0x2a8 ./Drivers/STM32F1xx_HAL_Driver/Src/stm32f1xx_hal_cortex.o
                                      0x7ce63 (size before relaxing)
 .debug_str     0x0000000000081422      0x2e7 ./Drivers/STM32F1xx_HAL_Driver/Src/stm32f1xx_hal_gpio.o
                                      0x7cb6a (size before relaxing)
 .debug_str     0x0000000000081709      0x229 ./Drivers/STM32F1xx_HAL_Driver/Src/stm32f1xx_hal_rcc.o
                                      0x7cc13 (size before relaxing)
 .debug_str     0x0000000000081932      0x657 ./Drivers/STM32F1xx_HAL_Driver/Src/stm32f1xx_hal_uart.o
                                      0x7d284 (size before relaxing)

.comment        0x0000000000000000       0x50
 .comment       0x0000000000000000       0x50 ./Core/Src/DFPLAYER_MINI.o
                                         0x51 (size before relaxing)
 .comment       0x0000000000000050       0x51 ./Core/Src/main.o
 .comment       0x0000000000000050       0x51 ./Core/Src/stm32f1xx_hal_msp.o
 .comment       0x0000000000000050       0x51 ./Core/Src/stm32f1xx_it.o
 .comment       0x0000000000000050       0x51 ./Core/Src/system_stm32f1xx.o
 .comment       0x0000000000000050       0x51 ./Drivers/STM32F1xx_HAL_Driver/Src/stm32f1xx_hal.o
 .comment       0x0000000000000050       0x51 ./Drivers/STM32F1xx_HAL_Driver/Src/stm32f1xx_hal_cortex.o
 .comment       0x0000000000000050       0x51 ./Drivers/STM32F1xx_HAL_Driver/Src/stm32f1xx_hal_gpio.o
 .comment       0x0000000000000050       0x51 ./Drivers/STM32F1xx_HAL_Driver/Src/stm32f1xx_hal_rcc.o
 .comment       0x0000000000000050       0x51 ./Drivers/STM32F1xx_HAL_Driver/Src/stm32f1xx_hal_uart.o

.debug_frame    0x0000000000000000     0x17f0
 .debug_frame   0x0000000000000000      0x100 ./Core/Src/DFPLAYER_MINI.o
 .debug_frame   0x0000000000000100       0xa8 ./Core/Src/main.o
 .debug_frame   0x00000000000001a8       0x7c ./Core/Src/stm32f1xx_hal_msp.o
 .debug_frame   0x0000000000000224      0x124 ./Core/Src/stm32f1xx_it.o
 .debug_frame   0x0000000000000348       0x58 ./Core/Src/system_stm32f1xx.o
 .debug_frame   0x00000000000003a0      0x334 ./Drivers/STM32F1xx_HAL_Driver/Src/stm32f1xx_hal.o
 .debug_frame   0x00000000000006d4      0x428 ./Drivers/STM32F1xx_HAL_Driver/Src/stm32f1xx_hal_cortex.o
 .debug_frame   0x0000000000000afc      0x14c ./Drivers/STM32F1xx_HAL_Driver/Src/stm32f1xx_hal_gpio.o
 .debug_frame   0x0000000000000c48      0x218 ./Drivers/STM32F1xx_HAL_Driver/Src/stm32f1xx_hal_rcc.o
 .debug_frame   0x0000000000000e60      0x944 ./Drivers/STM32F1xx_HAL_Driver/Src/stm32f1xx_hal_uart.o
 .debug_frame   0x00000000000017a4       0x2c d:/st/stm32cubeide_1.12.1/stm32cubeide/plugins/com.st.stm32cube.ide.mcu.externaltools.gnu-tools-for-stm32.10.3-2021.10.win32_1.0.200.202301161003/tools/bin/../lib/gcc/arm-none-eabi/10.3.1/../../../../arm-none-eabi/lib/thumb/v7-m/nofp\libc_nano.a(lib_a-init.o)
 .debug_frame   0x00000000000017d0       0x20 d:/st/stm32cubeide_1.12.1/stm32cubeide/plugins/com.st.stm32cube.ide.mcu.externaltools.gnu-tools-for-stm32.10.3-2021.10.win32_1.0.200.202301161003/tools/bin/../lib/gcc/arm-none-eabi/10.3.1/../../../../arm-none-eabi/lib/thumb/v7-m/nofp\libc_nano.a(lib_a-memset.o)
